#-----------------------------------------------------------
# Vivado v2020.2 (64-bit)
# SW Build 3064766 on Wed Nov 18 09:12:45 MST 2020
# IP Build 3064653 on Wed Nov 18 14:17:31 MST 2020
# Start of session at: Fri Jul 24 20:22:42 2026
# Process ID: 35612
# Current directory: E:/7020_Project/25G
# Command line: vivado.exe -mode batch -source 25G_PL\.Xil\refresh_ad_fifo_monitor_driver_export.tcl
# Log file: E:/7020_Project/25G/vivado.log
# Journal file: E:/7020_Project/25G\vivado.jou
#-----------------------------------------------------------
source {25G_PL\.Xil\refresh_ad_fifo_monitor_driver_export.tcl}
# set pl_dir [file normalize [file join [file dirname [info script]] ..]]
# set component_file [file join $pl_dir ip_core ad_fifo_monitor_axis ad_fifo_monitor_axi_1.0 component.xml]
# set project_file [file join $pl_dir 25G_PL.xpr]
# open_project $project_file
Scanning sources...
Finished scanning sources
INFO: [IP_Flow 19-234] Refreshing IP repositories
INFO: [IP_Flow 19-1700] Loaded user IP repository 'e:/7020_Project/25G/25G_PL/ip_core'.
INFO: [IP_Flow 19-2313] Loaded Vivado IP repository 'D:/FPGA/Xilinx/Vivado/2020.2/data/ip'.
WARNING: [BD 41-1661] One or more IPs have been locked in the design 'system.bd'. Please run report_ip_status for more details and recommendations on how to fix this issue.
List of locked IPs:
system_ad_fifo_monitor_axi_0_0

open_project: Time (s): cpu = 00:00:01 ; elapsed = 00:00:06 . Memory (MB): peak = 1107.477 ; gain = 0.000
# update_ip_catalog -rebuild
INFO: [IP_Flow 19-234] Refreshing IP repositories
INFO: [IP_Flow 19-1700] Loaded user IP repository 'e:/7020_Project/25G/25G_PL/ip_core'.
# set monitor_ip [get_ips system_ad_fifo_monitor_axi_0_0]
# if {$monitor_ip eq ""} {
#     error "system_ad_fifo_monitor_axi_0_0 was not found"
# }
# upgrade_ip $monitor_ip
Reading block design file <E:/7020_Project/25G/25G_PL/25G_PL.srcs/sources_1/bd/system/system.bd>...
Adding component instance block -- xilinx.com:ip:clk_wiz:6.0 - Pll_DA
Adding component instance block -- xilinx.com:user:ad_fifo_monitor_axi:1.0 - ad_fifo_monitor_axi_0
Adding component instance block -- xilinx.com:ip:axi_bram_ctrl:4.1 - axi_bram_ctrl_0
Adding component instance block -- xilinx.com:ip:axi_dma:7.1 - axi_dma_adc
Adding component instance block -- xilinx.com:ip:axi_interconnect:2.1 - axi_interconnect_0
Adding component instance block -- xilinx.com:ip:axi_crossbar:2.1 - xbar
Adding component instance block -- xilinx.com:ip:axi_protocol_converter:2.1 - auto_pc
Adding component instance block -- xilinx.com:ip:axis_data_fifo:2.0 - axis_data_fifo_0
Adding component instance block -- xilinx.com:ip:blk_mem_gen:8.4 - blk_PS_TO_PL
Adding component instance block -- xilinx.com:user:iq_demodulator:1.0 - iq_demodulator_0
Adding component instance block -- xilinx.com:ip:proc_sys_reset:5.0 - proc_sys_reset_0
Adding component instance block -- xilinx.com:ip:processing_system7:5.5 - processing_system7_0
Adding component instance block -- xilinx.com:ip:smartconnect:1.0 - smartconnect_0
Excluding slave segment /processing_system7_0/S_AXI_GP0/GP0_IOP from address space /axi_dma_adc/Data_S2MM.
Excluding slave segment /processing_system7_0/S_AXI_GP0/GP0_M_AXI_GP0 from address space /axi_dma_adc/Data_S2MM.
Successfully read diagram <system> from block design file <E:/7020_Project/25G/25G_PL/25G_PL.srcs/sources_1/bd/system/system.bd>
Upgrading 'E:/7020_Project/25G/25G_PL/25G_PL.srcs/sources_1/bd/system/system.bd'
INFO: [IP_Flow 19-1972] Upgraded system_ad_fifo_monitor_axi_0_0 from AD FIFO Monitor AXI 1.0 to AD FIFO Monitor AXI 1.0
Wrote  : <E:\7020_Project\25G\25G_PL\25G_PL.srcs\sources_1\bd\system\system.bd> 
# generate_target all $monitor_ip
ERROR: [Vivado 12-3563] The Nested sub-design 'E:/7020_Project/25G/25G_PL/25G_PL.srcs/sources_1/bd/system/ip/system_ad_fifo_monitor_axi_0_0/system_ad_fifo_monitor_axi_0_0.xci' can only be generated by its parent sub-design.
INFO: [Common 17-206] Exiting Vivado at Fri Jul 24 20:22:53 2026...
