#-----------------------------------------------------------
# Vivado v2020.2 (64-bit)
# SW Build 3064766 on Wed Nov 18 09:12:45 MST 2020
# IP Build 3064653 on Wed Nov 18 14:17:31 MST 2020
# Start of session at: Fri Jul 24 20:27:48 2026
# Process ID: 34820
# Current directory: E:/7020_Project/25G
# Command line: vivado.exe -mode tcl
# Log file: E:/7020_Project/25G/vivado.log
# Journal file: E:/7020_Project/25G\vivado.jou
#-----------------------------------------------------------
open_project {E:/7020_Project/25G/25G_PL/25G_PL.xpr}
Scanning sources...
Finished scanning sources
INFO: [IP_Flow 19-234] Refreshing IP repositories
INFO: [IP_Flow 19-1700] Loaded user IP repository 'e:/7020_Project/25G/25G_PL/ip_core'.
INFO: [IP_Flow 19-2313] Loaded Vivado IP repository 'D:/FPGA/Xilinx/Vivado/2020.2/data/ip'.
open_project: Time (s): cpu = 00:00:01 ; elapsed = 00:00:06 . Memory (MB): peak = 1105.160 ; gain = 0.000
set target [get_ips system_ad_fifo_monitor_axi_0_0]
puts "STATUS=[get_property STATUS $target]"
ERROR: [Vivado 12-1341] Failed to get property 'STATUS' on IP 'system_ad_fifo_monitor_axi_0_0'.
ERROR: [Common 17-39] 'get_property' failed due to earlier errors.

puts "IS_LOCKED=[get_property IS_LOCKED $target]"
IS_LOCKED=0
close_project
INFO: [Common 17-206] Exiting Vivado at Fri Jul 24 20:27:57 2026...
