#-----------------------------------------------------------
# Vivado v2020.2 (64-bit)
# SW Build 3064766 on Wed Nov 18 09:12:45 MST 2020
# IP Build 3064653 on Wed Nov 18 14:17:31 MST 2020
# Start of session at: Fri Jul 24 20:23:27 2026
# Process ID: 31768
# Current directory: E:/7020_Project/25G
# Command line: vivado.exe -mode batch -source 25G_PL\.Xil\refresh_ad_fifo_monitor_driver_export.tcl
# Log file: E:/7020_Project/25G/vivado.log
# Journal file: E:/7020_Project/25G\vivado.jou
#-----------------------------------------------------------
source {25G_PL\.Xil\refresh_ad_fifo_monitor_driver_export.tcl}
# set pl_dir [file normalize [file join [file dirname [info script]] ..]]
# set component_file [file join $pl_dir ip_core ad_fifo_monitor_axis ad_fifo_monitor_axi_1.0 component.xml]
# set project_file [file join $pl_dir 25G_PL.xpr]
# open_project $project_file
Scanning sources...
Finished scanning sources
INFO: [IP_Flow 19-234] Refreshing IP repositories
INFO: [IP_Flow 19-1700] Loaded user IP repository 'e:/7020_Project/25G/25G_PL/ip_core'.
INFO: [IP_Flow 19-2313] Loaded Vivado IP repository 'D:/FPGA/Xilinx/Vivado/2020.2/data/ip'.
open_project: Time (s): cpu = 00:00:01 ; elapsed = 00:00:07 . Memory (MB): peak = 1107.918 ; gain = 0.000
# update_ip_catalog -rebuild
INFO: [IP_Flow 19-234] Refreshing IP repositories
INFO: [IP_Flow 19-1700] Loaded user IP repository 'e:/7020_Project/25G/25G_PL/ip_core'.
# set monitor_ip [get_ips system_ad_fifo_monitor_axi_0_0]
# if {$monitor_ip eq ""} {
#     error "system_ad_fifo_monitor_axi_0_0 was not found"
# }
# upgrade_ip $monitor_ip
WARNING: [Coretcl 2-1042] No IP was identified for upgrade.
# generate_target all [get_files system.bd]
Excluding slave segment /processing_system7_0/S_AXI_GP0/GP0_IOP from address space /axi_dma_adc/Data_S2MM.
Excluding slave segment /processing_system7_0/S_AXI_GP0/GP0_M_AXI_GP0 from address space /axi_dma_adc/Data_S2MM.
WARNING: [BD 41-702] Propagation TCL tries to overwrite USER strength parameter C_M_AXI_S2MM_DATA_WIDTH(64) on '/axi_dma_adc' with propagated value(32). Command ignored
WARNING: [BD 41-702] Propagation TCL tries to overwrite USER strength parameter C_M_AXI_S2MM_DATA_WIDTH(64) on '/axi_dma_adc' with propagated value(32). Command ignored
WARNING: [BD 41-702] Propagation TCL tries to overwrite USER strength parameter C_M_AXI_S2MM_DATA_WIDTH(64) on '/axi_dma_adc' with propagated value(32). Command ignored
WARNING: [BD 41-702] Propagation TCL tries to overwrite USER strength parameter C_M_AXI_S2MM_DATA_WIDTH(64) on '/axi_dma_adc' with propagated value(32). Command ignored
WARNING: [BD 41-702] Propagation TCL tries to overwrite USER strength parameter C_M_AXI_S2MM_DATA_WIDTH(64) on '/axi_dma_adc' with propagated value(32). Command ignored
WARNING: [BD 41-702] Propagation TCL tries to overwrite USER strength parameter C_M_AXI_S2MM_DATA_WIDTH(64) on '/axi_dma_adc' with propagated value(32). Command ignored
WARNING: [BD 41-702] Propagation TCL tries to overwrite USER strength parameter C_M_AXI_S2MM_DATA_WIDTH(64) on '/axi_dma_adc' with propagated value(32). Command ignored
WARNING: [BD 41-702] Propagation TCL tries to overwrite USER strength parameter C_M_AXI_S2MM_DATA_WIDTH(64) on '/axi_dma_adc' with propagated value(32). Command ignored
INFO: [xilinx.com:ip:clk_wiz:6.0-1] /Pll_DA clk_wiz propagate
INFO: [xilinx.com:ip:clk_wiz:6.0-1] /Pll_DA clk_wiz propagate
Wrote  : <E:\7020_Project\25G\25G_PL\25G_PL.srcs\sources_1\bd\system\system.bd> 
WARNING: [BD 41-2384] Width mismatch when connecting pin: '/blk_PS_TO_PL/addra'(32) to pin: '/axi_bram_ctrl_0/bram_addr_a'(13) - Only lower order bits will be connected.
VHDL Output written to : e:/7020_Project/25G/25G_PL/25G_PL.gen/sources_1/bd/system/synth/system.v
WARNING: [BD 41-2384] Width mismatch when connecting pin: '/blk_PS_TO_PL/addra'(32) to pin: '/axi_bram_ctrl_0/bram_addr_a'(13) - Only lower order bits will be connected.
VHDL Output written to : e:/7020_Project/25G/25G_PL/25G_PL.gen/sources_1/bd/system/sim/system.v
VHDL Output written to : e:/7020_Project/25G/25G_PL/25G_PL.gen/sources_1/bd/system/hdl/system_wrapper.v
Exporting to file e:/7020_Project/25G/25G_PL/25G_PL.gen/sources_1/bd/system/ip/system_smartconnect_0_0/bd_0/hw_handoff/system_smartconnect_0_0.hwh
Generated Block Design Tcl file e:/7020_Project/25G/25G_PL/25G_PL.gen/sources_1/bd/system/ip/system_smartconnect_0_0/bd_0/hw_handoff/system_smartconnect_0_0_bd.tcl
Generated Hardware Definition File e:/7020_Project/25G/25G_PL/25G_PL.gen/sources_1/bd/system/ip/system_smartconnect_0_0/bd_0/synth/system_smartconnect_0_0.hwdef
INFO: [BD 41-1029] Generation completed for the IP Integrator block smartconnect_0 .
INFO: [BD 41-1029] Generation completed for the IP Integrator block ad_fifo_monitor_axi_0 .
WARNING: [IP_Flow 19-4994] Overwriting existing constraint file 'e:/7020_Project/25G/25G_PL/25G_PL.gen/sources_1/bd/system/ip/system_auto_pc_0_1/system_auto_pc_0_ooc.xdc'
INFO: [BD 41-1029] Generation completed for the IP Integrator block axi_interconnect_0/s00_couplers/auto_pc .
Exporting to file e:/7020_Project/25G/25G_PL/25G_PL.gen/sources_1/bd/system/hw_handoff/system.hwh
Generated Block Design Tcl file e:/7020_Project/25G/25G_PL/25G_PL.gen/sources_1/bd/system/hw_handoff/system_bd.tcl
Generated Hardware Definition File e:/7020_Project/25G/25G_PL/25G_PL.gen/sources_1/bd/system/synth/system.hwdef
generate_target: Time (s): cpu = 00:00:02 ; elapsed = 00:00:25 . Memory (MB): peak = 1107.918 ; gain = 0.000
# close_project
INFO: [Common 17-206] Exiting Vivado at Fri Jul 24 20:24:01 2026...
