#-----------------------------------------------------------
# Vivado v2020.2 (64-bit)
# SW Build 3064766 on Wed Nov 18 09:12:45 MST 2020
# IP Build 3064653 on Wed Nov 18 14:17:31 MST 2020
# Start of session at: Fri Jul 24 20:21:50 2026
# Process ID: 36152
# Current directory: E:/7020_Project/25G
# Command line: vivado.exe -mode tcl
# Log file: E:/7020_Project/25G/vivado.log
# Journal file: E:/7020_Project/25G\vivado.jou
#-----------------------------------------------------------
open_project {E:/7020_Project/25G/25G_PL/25G_PL.xpr}
Scanning sources...
Finished scanning sources
INFO: [IP_Flow 19-234] Refreshing IP repositories
INFO: [IP_Flow 19-1700] Loaded user IP repository 'e:/7020_Project/25G/25G_PL/ip_core'.
INFO: [IP_Flow 19-2313] Loaded Vivado IP repository 'D:/FPGA/Xilinx/Vivado/2020.2/data/ip'.
WARNING: [BD 41-1661] One or more IPs have been locked in the design 'system.bd'. Please run report_ip_status for more details and recommendations on how to fix this issue.
List of locked IPs:
system_ad_fifo_monitor_axi_0_0

open_project: Time (s): cpu = 00:00:01 ; elapsed = 00:00:06 . Memory (MB): peak = 1111.238 ; gain = 0.000
report_ip_status
Excluding slave segment /processing_system7_0/S_AXI_GP0/GP0_IOP from address space /axi_dma_adc/Data_S2MM.
Excluding slave segment /processing_system7_0/S_AXI_GP0/GP0_M_AXI_GP0 from address space /axi_dma_adc/Data_S2MM.
Copyright 1986-2020 Xilinx, Inc. All Rights Reserved.
------------------------------------------------------------------------------------
| Tool Version : Vivado v.2020.2 (win64) Build 3064766 Wed Nov 18 09:12:45 MST 2020
| Date         : Fri Jul 24 20:22:02 2026
| Host         : MSI running 64-bit major release  (build 9200)
| Command      : report_ip_status
------------------------------------------------------------------------------------

IP Status Summary

1. Project IP Status
--------------------
Your project uses 46 IP. Some of these IP may have undergone changes in this release of the software. Please review the recommended actions.

More information on the Xilinx versioning policy is available at www.xilinx.com.

Project IP Instances
+--------------------------------+-------------------------------+---------------------+-----------+--------------------+---------+---------------+------------+----------------------+
| Instance Name                  | Status                        | Recommendation      | Change    | IP Name            | IP      | New Version   | New        | Original Part        |
|                                |                               |                     | Log       |                    | Version |               | License    |                      |
+--------------------------------+-------------------------------+---------------------+-----------+--------------------+---------+---------------+------------+----------------------+
| DDS_DAC                        | Up-to-date                    | No changes required | Change    | DAC_DDS_Output_v1_ | 1.0     | 1.0 (Rev. 2)  | Included   | xc7z020clg400-2      |
|                                |                               |                     | Log not   |                    | (Rev.   |               |            |                      |
|                                |                               |                     | available |                    | 2)      |               |            |                      |
+--------------------------------+-------------------------------+---------------------+-----------+--------------------+---------+---------------+------------+----------------------+
| PLL_AD                         | Up-to-date                    | No changes required |  *(1)     | Clocking Wizard    | 6.0     | 6.0 (Rev. 6)  | Included   | xc7z020clg400-2      |
|                                |                               |                     |           |                    | (Rev.   |               |            |                      |
|                                |                               |                     |           |                    | 6)      |               |            |                      |
+--------------------------------+-------------------------------+---------------------+-----------+--------------------+---------+---------------+------------+----------------------+
| ad_fifo_wrapper_0              | Up-to-date                    | No changes required | Change    | ad_fifo_wrapper_v1 | 1.0     | 1.0 (Rev. 2)  | Included   | xc7z020clg400-2      |
|                                |                               |                     | Log not   |                    | (Rev.   |               |            |                      |
|                                |                               |                     | available |                    | 2)      |               |            |                      |
+--------------------------------+-------------------------------+---------------------+-----------+--------------------+---------+---------------+------------+----------------------+
| blk_mem_gen_0                  | Up-to-date                    | No changes required |  *(2)     | Block Memory       | 8.4     | 8.4 (Rev. 4)  | Included   | xc7z020clg400-2      |
|                                |                               |                     |           | Generator          | (Rev.   |               |            |                      |
|                                |                               |                     |           |                    | 4)      |               |            |                      |
+--------------------------------+-------------------------------+---------------------+-----------+--------------------+---------+---------------+------------+----------------------+
| blk_rom_sine                   | Up-to-date                    | No changes required |  *(3)     | Block Memory       | 8.4     | 8.4 (Rev. 4)  | Included   | xc7z020clg400-2      |
|                                |                               |                     |           | Generator          | (Rev.   |               |            |                      |
|                                |                               |                     |           |                    | 4)      |               |            |                      |
+--------------------------------+-------------------------------+---------------------+-----------+--------------------+---------+---------------+------------+----------------------+
| blk_rom_triangle               | Up-to-date                    | No changes required |  *(4)     | Block Memory       | 8.4     | 8.4 (Rev. 4)  | Included   | xc7z020clg400-2      |
|                                |                               |                     |           | Generator          | (Rev.   |               |            |                      |
|                                |                               |                     |           |                    | 4)      |               |            |                      |
+--------------------------------+-------------------------------+---------------------+-----------+--------------------+---------+---------------+------------+----------------------+
| dds_iq_lo                      | Up-to-date                    | No changes required |  *(5)     | DDS Compiler       | 6.0     | 6.0 (Rev. 20) | Included   | xc7z020clg400-2      |
|                                |                               |                     |           |                    | (Rev.   |               |            |                      |
|                                |                               |                     |           |                    | 20)     |               |            |                      |
+--------------------------------+-------------------------------+---------------------+-----------+--------------------+---------+---------------+------------+----------------------+
| fifo_generator_0               | Up-to-date                    | No changes required |  *(6)     | FIFO Generator     | 13.2    | 13.2 (Rev. 5) | Included   | xc7z020clg400-2      |
|                                |                               |                     |           |                    | (Rev.   |               |            |                      |
|                                |                               |                     |           |                    | 5)      |               |            |                      |
+--------------------------------+-------------------------------+---------------------+-----------+--------------------+---------+---------------+------------+----------------------+
| ila_0                          | Up-to-date                    | No changes required |  *(7)     | ILA (Integrated    | 6.2     | 6.2 (Rev. 11) | Included   | xc7z020clg400-2      |
|                                |                               |                     |           | Logic Analyzer)    | (Rev.   |               |            |                      |
|                                |                               |                     |           |                    | 11)     |               |            |                      |
+--------------------------------+-------------------------------+---------------------+-----------+--------------------+---------+---------------+------------+----------------------+
| system_Pll_DA_0                | Up-to-date                    | No changes required |  *(8)     | Clocking Wizard    | 6.0     | 6.0 (Rev. 6)  | Included   | xc7z020clg400-2      |
|                                |                               |                     |           |                    | (Rev.   |               |            |                      |
|                                |                               |                     |           |                    | 6)      |               |            |                      |
+--------------------------------+-------------------------------+---------------------+-----------+--------------------+---------+---------------+------------+----------------------+
| system_ad_fifo_monitor_axi_0_0 | Incompatible IP data detected | Upgrade IP          | Change    | AD FIFO Monitor    | 1.0     | 1.0 (Rev. 2)  | Included   | xc7z020clg400-2      |
|                                |                               |                     | Log not   | AXI                | (Rev.   |               |            |                      |
|                                |                               |                     | available |                    | 2)      |               |            |                      |
+--------------------------------+-------------------------------+---------------------+-----------+--------------------+---------+---------------+------------+----------------------+
| system_axi_bram_ctrl_0_0       | Up-to-date                    | No changes required |  *(9)     | AXI BRAM           | 4.1     | 4.1 (Rev. 4)  | Included   | xc7z020clg400-2      |
|                                |                               |                     |           | Controller         | (Rev.   |               |            |                      |
|                                |                               |                     |           |                    | 4)      |               |            |                      |
+--------------------------------+-------------------------------+---------------------+-----------+--------------------+---------+---------------+------------+----------------------+
| system_axi_dma_adc_0           | Up-to-date                    | No changes required |  *(10)    | AXI Direct Memory  | 7.1     | 7.1 (Rev. 23) | Included   | xc7z020clg400-2      |
|                                |                               |                     |           | Access             | (Rev.   |               |            |                      |
|                                |                               |                     |           |                    | 23)     |               |            |                      |
+--------------------------------+-------------------------------+---------------------+-----------+--------------------+---------+---------------+------------+----------------------+
| system_axi_interconnect_0_0    | Up-to-date                    | No changes required |  *(11)    | AXI Interconnect   | 2.1     | 2.1 (Rev. 23) | Included   | xc7z020clg400-2      |
|                                |                               |                     |           |                    | (Rev.   |               |            |                      |
|                                |                               |                     |           |                    | 23)     |               |            |                      |
+--------------------------------+-------------------------------+---------------------+-----------+--------------------+---------+---------------+------------+----------------------+
| system_axis_data_fifo_0_0      | Up-to-date                    | No changes required |  *(12)    | AXI4-Stream Data   | 2.0     | 2.0 (Rev. 4)  | Included   | xc7z020clg400-2      |
|                                |                               |                     |           | FIFO               | (Rev.   |               |            |                      |
|                                |                               |                     |           |                    | 4)      |               |            |                      |
+--------------------------------+-------------------------------+---------------------+-----------+--------------------+---------+---------------+------------+----------------------+
| system_blk_PS_TO_PL_0          | Up-to-date                    | No changes required |  *(13)    | Block Memory       | 8.4     | 8.4 (Rev. 4)  | Included   | xc7z020clg400-2      |
|                                |                               |                     |           | Generator          | (Rev.   |               |            |                      |
|                                |                               |                     |           |                    | 4)      |               |            |                      |
+--------------------------------+-------------------------------+---------------------+-----------+--------------------+---------+---------------+------------+----------------------+
| system_iq_demodulator_0_0      | Up-to-date                    | No changes required | Change    | iq_demodulator_v1_ | 1.0     | 1.0 (Rev. 5)  | Included   | xc7z020clg400-2      |
|                                |                               |                     | Log not   |                    | (Rev.   |               |            |                      |
|                                |                               |                     | available |                    | 5)      |               |            |                      |
+--------------------------------+-------------------------------+---------------------+-----------+--------------------+---------+---------------+------------+----------------------+
| system_proc_sys_reset_0_0      | Up-to-date                    | No changes required |  *(14)    | Processor System   | 5.0     | 5.0 (Rev. 13) | Included   | xc7z020clg400-2      |
|                                |                               |                     |           | Reset              | (Rev.   |               |            |                      |
|                                |                               |                     |           |                    | 13)     |               |            |                      |
+--------------------------------+-------------------------------+---------------------+-----------+--------------------+---------+---------------+------------+----------------------+
| system_processing_system7_0_0  | Up-to-date                    | No changes required |  *(15)    | ZYNQ7 Processing   | 5.5     | 5.5 (Rev. 6)  | Included   | xc7z020clg400-2      |
|                                |                               |                     |           | System             | (Rev.   |               |            |                      |
|                                |                               |                     |           |                    | 6)      |               |            |                      |
+--------------------------------+-------------------------------+---------------------+-----------+--------------------+---------+---------------+------------+----------------------+
| system_smartconnect_0_0        | Up-to-date                    | No changes required |  *(16)    | AXI SmartConnect   | 1.0     | 1.0 (Rev. 14) | Included   | xc7z020clg400-2      |
|                                |                               |                     |           |                    | (Rev.   |               |            |                      |
|                                |                               |                     |           |                    | 14)     |               |            |                      |
+--------------------------------+-------------------------------+---------------------+-----------+--------------------+---------+---------------+------------+----------------------+
| dds_iq_lo                      | Up-to-date                    | No changes required |  *(17)    | DDS Compiler       | 6.0     | 6.0 (Rev. 20) | Included   | xc7z020clg400-2      |
|                                |                               |                     |           |                    | (Rev.   |               |            |                      |
|                                |                               |                     |           |                    | 20)     |               |            |                      |
+--------------------------------+-------------------------------+---------------------+-----------+--------------------+---------+---------------+------------+----------------------+
| fifo_generator_0               | Up-to-date                    | No changes required |  *(18)    | FIFO Generator     | 13.2    | 13.2 (Rev. 5) | Included   | xc7z020clg400-2      |
|                                |                               |                     |           |                    | (Rev.   |               |            |                      |
|                                |                               |                     |           |                    | 5)      |               |            |                      |
+--------------------------------+-------------------------------+---------------------+-----------+--------------------+---------+---------------+------------+----------------------+
| bd_919a_arsw_0                 | Up-to-date                    | No changes required |  *(19)    | SmartConnect       | 1.0     | 1.0 (Rev. 6)  | Included   | xc7z020clg400-2      |
|                                |                               |                     |           | Switchboard        | (Rev.   |               |            |                      |
|                                |                               |                     |           |                    | 6)      |               |            |                      |
+--------------------------------+-------------------------------+---------------------+-----------+--------------------+---------+---------------+------------+----------------------+
| bd_919a_awsw_0                 | Up-to-date                    | No changes required |  *(20)    | SmartConnect       | 1.0     | 1.0 (Rev. 6)  | Included   | xc7z020clg400-2      |
|                                |                               |                     |           | Switchboard        | (Rev.   |               |            |                      |
|                                |                               |                     |           |                    | 6)      |               |            |                      |
+--------------------------------+-------------------------------+---------------------+-----------+--------------------+---------+---------------+------------+----------------------+
| bd_919a_bsw_0                  | Up-to-date                    | No changes required |  *(21)    | SmartConnect       | 1.0     | 1.0 (Rev. 6)  | Included   | xc7z020clg400-2      |
|                                |                               |                     |           | Switchboard        | (Rev.   |               |            |                      |
|                                |                               |                     |           |                    | 6)      |               |            |                      |
+--------------------------------+-------------------------------+---------------------+-----------+--------------------+---------+---------------+------------+----------------------+
| bd_919a_m00awn_0               | Up-to-date                    | No changes required |  *(22)    | SmartConnect Node  | 1.0     | 1.0 (Rev. 12) | Included   | xc7z020clg400-2      |
|                                |                               |                     |           |                    | (Rev.   |               |            |                      |
|                                |                               |                     |           |                    | 12)     |               |            |                      |
+--------------------------------+-------------------------------+---------------------+-----------+--------------------+---------+---------------+------------+----------------------+
| bd_919a_m00bn_0                | Up-to-date                    | No changes required |  *(23)    | SmartConnect Node  | 1.0     | 1.0 (Rev. 12) | Included   | xc7z020clg400-2      |
|                                |                               |                     |           |                    | (Rev.   |               |            |                      |
|                                |                               |                     |           |                    | 12)     |               |            |                      |
+--------------------------------+-------------------------------+---------------------+-----------+--------------------+---------+---------------+------------+----------------------+
| bd_919a_m00e_0                 | Up-to-date                    | No changes required |  *(24)    | SC EXIT            | 1.0     | 1.0 (Rev. 11) | Included   | xc7z020clg400-2      |
|                                |                               |                     |           |                    | (Rev.   |               |            |                      |
|                                |                               |                     |           |                    | 11)     |               |            |                      |
+--------------------------------+-------------------------------+---------------------+-----------+--------------------+---------+---------------+------------+----------------------+
| bd_919a_m00s2a_0               | Up-to-date                    | No changes required |  *(25)    | SmartConnect       | 1.0     | 1.0 (Rev. 7)  | Included   | xc7z020clg400-2      |
|                                |                               |                     |           | SC2AXI Bridge      | (Rev.   |               |            |                      |
|                                |                               |                     |           |                    | 7)      |               |            |                      |
+--------------------------------+-------------------------------+---------------------+-----------+--------------------+---------+---------------+------------+----------------------+
| bd_919a_m00wn_0                | Up-to-date                    | No changes required |  *(26)    | SmartConnect Node  | 1.0     | 1.0 (Rev. 12) | Included   | xc7z020clg400-2      |
|                                |                               |                     |           |                    | (Rev.   |               |            |                      |
|                                |                               |                     |           |                    | 12)     |               |            |                      |
+--------------------------------+-------------------------------+---------------------+-----------+--------------------+---------+---------------+------------+----------------------+
| bd_919a_m01awn_0               | Up-to-date                    | No changes required |  *(27)    | SmartConnect Node  | 1.0     | 1.0 (Rev. 12) | Included   | xc7z020clg400-2      |
|                                |                               |                     |           |                    | (Rev.   |               |            |                      |
|                                |                               |                     |           |                    | 12)     |               |            |                      |
+--------------------------------+-------------------------------+---------------------+-----------+--------------------+---------+---------------+------------+----------------------+
| bd_919a_m01bn_0                | Up-to-date                    | No changes required |  *(28)    | SmartConnect Node  | 1.0     | 1.0 (Rev. 12) | Included   | xc7z020clg400-2      |
|                                |                               |                     |           |                    | (Rev.   |               |            |                      |
|                                |                               |                     |           |                    | 12)     |               |            |                      |
+--------------------------------+-------------------------------+---------------------+-----------+--------------------+---------+---------------+------------+----------------------+
| bd_919a_m01e_0                 | Up-to-date                    | No changes required |  *(29)    | SC EXIT            | 1.0     | 1.0 (Rev. 11) | Included   | xc7z020clg400-2      |
|                                |                               |                     |           |                    | (Rev.   |               |            |                      |
|                                |                               |                     |           |                    | 11)     |               |            |                      |
+--------------------------------+-------------------------------+---------------------+-----------+--------------------+---------+---------------+------------+----------------------+
| bd_919a_m01s2a_0               | Up-to-date                    | No changes required |  *(30)    | SmartConnect       | 1.0     | 1.0 (Rev. 7)  | Included   | xc7z020clg400-2      |
|                                |                               |                     |           | SC2AXI Bridge      | (Rev.   |               |            |                      |
|                                |                               |                     |           |                    | 7)      |               |            |                      |
+--------------------------------+-------------------------------+---------------------+-----------+--------------------+---------+---------------+------------+----------------------+
| bd_919a_m01wn_0                | Up-to-date                    | No changes required |  *(31)    | SmartConnect Node  | 1.0     | 1.0 (Rev. 12) | Included   | xc7z020clg400-2      |
|                                |                               |                     |           |                    | (Rev.   |               |            |                      |
|                                |                               |                     |           |                    | 12)     |               |            |                      |
+--------------------------------+-------------------------------+---------------------+-----------+--------------------+---------+---------------+------------+----------------------+
| bd_919a_one_0                  | Up-to-date                    | No changes required |  *(32)    | Constant           | 1.1     | 1.1 (Rev. 7)  | Included   | xc7z020clg400-2      |
|                                |                               |                     |           |                    | (Rev.   |               |            |                      |
|                                |                               |                     |           |                    | 7)      |               |            |                      |
+--------------------------------+-------------------------------+---------------------+-----------+--------------------+---------+---------------+------------+----------------------+
| bd_919a_psr_aclk_0             | Up-to-date                    | No changes required |  *(33)    | Processor System   | 5.0     | 5.0 (Rev. 13) | Included   | xc7z020clg400-2      |
|                                |                               |                     |           | Reset              | (Rev.   |               |            |                      |
|                                |                               |                     |           |                    | 13)     |               |            |                      |
+--------------------------------+-------------------------------+---------------------+-----------+--------------------+---------+---------------+------------+----------------------+
| bd_919a_rsw_0                  | Up-to-date                    | No changes required |  *(34)    | SmartConnect       | 1.0     | 1.0 (Rev. 6)  | Included   | xc7z020clg400-2      |
|                                |                               |                     |           | Switchboard        | (Rev.   |               |            |                      |
|                                |                               |                     |           |                    | 6)      |               |            |                      |
+--------------------------------+-------------------------------+---------------------+-----------+--------------------+---------+---------------+------------+----------------------+
| bd_919a_s00a2s_0               | Up-to-date                    | No changes required |  *(35)    | SmartConnect       | 1.0     | 1.0 (Rev. 7)  | Included   | xc7z020clg400-2      |
|                                |                               |                     |           | AXI2SC Bridge      | (Rev.   |               |            |                      |
|                                |                               |                     |           |                    | 7)      |               |            |                      |
+--------------------------------+-------------------------------+---------------------+-----------+--------------------+---------+---------------+------------+----------------------+
| bd_919a_s00mmu_0               | Up-to-date                    | No changes required |  *(36)    | SC MMU             | 1.0     | 1.0 (Rev. 10) | Included   | xc7z020clg400-2      |
|                                |                               |                     |           |                    | (Rev.   |               |            |                      |
|                                |                               |                     |           |                    | 10)     |               |            |                      |
+--------------------------------+-------------------------------+---------------------+-----------+--------------------+---------+---------------+------------+----------------------+
| bd_919a_s00sic_0               | Up-to-date                    | No changes required |  *(37)    | SC SI_CONVERTER    | 1.0     | 1.0 (Rev. 10) | Included   | xc7z020clg400-2      |
|                                |                               |                     |           |                    | (Rev.   |               |            |                      |
|                                |                               |                     |           |                    | 10)     |               |            |                      |
+--------------------------------+-------------------------------+---------------------+-----------+--------------------+---------+---------------+------------+----------------------+
| bd_919a_s00tr_0                | Up-to-date                    | No changes required |  *(38)    | SC                 | 1.0     | 1.0 (Rev. 9)  | Included   | xc7z020clg400-2      |
|                                |                               |                     |           | TRANSACTION_REGULA | (Rev.   |               |            |                      |
|                                |                               |                     |           |                    | 9)      |               |            |                      |
+--------------------------------+-------------------------------+---------------------+-----------+--------------------+---------+---------------+------------+----------------------+
| bd_919a_sawn_0                 | Up-to-date                    | No changes required |  *(39)    | SmartConnect Node  | 1.0     | 1.0 (Rev. 12) | Included   | xc7z020clg400-2      |
|                                |                               |                     |           |                    | (Rev.   |               |            |                      |
|                                |                               |                     |           |                    | 12)     |               |            |                      |
+--------------------------------+-------------------------------+---------------------+-----------+--------------------+---------+---------------+------------+----------------------+
| bd_919a_sbn_0                  | Up-to-date                    | No changes required |  *(40)    | SmartConnect Node  | 1.0     | 1.0 (Rev. 12) | Included   | xc7z020clg400-2      |
|                                |                               |                     |           |                    | (Rev.   |               |            |                      |
|                                |                               |                     |           |                    | 12)     |               |            |                      |
+--------------------------------+-------------------------------+---------------------+-----------+--------------------+---------+---------------+------------+----------------------+
| bd_919a_swn_0                  | Up-to-date                    | No changes required |  *(41)    | SmartConnect Node  | 1.0     | 1.0 (Rev. 12) | Included   | xc7z020clg400-2      |
|                                |                               |                     |           |                    | (Rev.   |               |            |                      |
|                                |                               |                     |           |                    | 12)     |               |            |                      |
+--------------------------------+-------------------------------+---------------------+-----------+--------------------+---------+---------------+------------+----------------------+
| bd_919a_wsw_0                  | Up-to-date                    | No changes required |  *(42)    | SmartConnect       | 1.0     | 1.0 (Rev. 6)  | Included   | xc7z020clg400-2      |
|                                |                               |                     |           | Switchboard        | (Rev.   |               |            |                      |
|                                |                               |                     |           |                    | 6)      |               |            |                      |
+--------------------------------+-------------------------------+---------------------+-----------+--------------------+---------+---------------+------------+----------------------+
*(1) d:/FPGA/Xilinx/Vivado/2020.2/data/ip/xilinx/clk_wiz_v6_0/doc/clk_wiz_v6_0_changelog.txt
*(2) d:/FPGA/Xilinx/Vivado/2020.2/data/ip/xilinx/blk_mem_gen_v8_4/doc/blk_mem_gen_v8_4_changelog.txt
*(3) d:/FPGA/Xilinx/Vivado/2020.2/data/ip/xilinx/blk_mem_gen_v8_4/doc/blk_mem_gen_v8_4_changelog.txt
*(4) d:/FPGA/Xilinx/Vivado/2020.2/data/ip/xilinx/blk_mem_gen_v8_4/doc/blk_mem_gen_v8_4_changelog.txt
*(5) d:/FPGA/Xilinx/Vivado/2020.2/data/ip/xilinx/dds_compiler_v6_0/doc/dds_compiler_v6_0_changelog.txt
*(6) d:/FPGA/Xilinx/Vivado/2020.2/data/ip/xilinx/fifo_generator_v13_2/doc/fifo_generator_v13_2_changelog.txt
*(7) d:/FPGA/Xilinx/Vivado/2020.2/data/ip/xilinx/ila_v6_2/doc/ila_v6_2_changelog.txt
*(8) d:/FPGA/Xilinx/Vivado/2020.2/data/ip/xilinx/clk_wiz_v6_0/doc/clk_wiz_v6_0_changelog.txt
*(9) d:/FPGA/Xilinx/Vivado/2020.2/data/ip/xilinx/axi_bram_ctrl_v4_1/doc/axi_bram_ctrl_v4_1_changelog.txt
*(10) d:/FPGA/Xilinx/Vivado/2020.2/data/ip/xilinx/axi_dma_v7_1/doc/axi_dma_v7_1_changelog.txt
*(11) d:/FPGA/Xilinx/Vivado/2020.2/data/ip/xilinx/axi_interconnect_v2_1/doc/axi_interconnect_v2_1_changelog.txt
*(12) d:/FPGA/Xilinx/Vivado/2020.2/data/ip/xilinx/axis_data_fifo_v2_0/doc/axis_data_fifo_v2_0_changelog.txt
*(13) d:/FPGA/Xilinx/Vivado/2020.2/data/ip/xilinx/blk_mem_gen_v8_4/doc/blk_mem_gen_v8_4_changelog.txt
*(14) d:/FPGA/Xilinx/Vivado/2020.2/data/ip/xilinx/proc_sys_reset_v5_0/doc/proc_sys_reset_v5_0_changelog.txt
*(15) d:/FPGA/Xilinx/Vivado/2020.2/data/ip/xilinx/processing_system7_v5_5/doc/processing_system7_v5_5_changelog.txt
*(16) d:/FPGA/Xilinx/Vivado/2020.2/data/ip/xilinx/smartconnect_v1_0/doc/smartconnect_v1_0_changelog.txt
*(17) d:/FPGA/Xilinx/Vivado/2020.2/data/ip/xilinx/dds_compiler_v6_0/doc/dds_compiler_v6_0_changelog.txt
*(18) d:/FPGA/Xilinx/Vivado/2020.2/data/ip/xilinx/fifo_generator_v13_2/doc/fifo_generator_v13_2_changelog.txt
*(19) d:/FPGA/Xilinx/Vivado/2020.2/data/ip/xilinx/sc_switchboard_v1_0/doc/sc_switchboard_v1_0_changelog.txt
*(20) d:/FPGA/Xilinx/Vivado/2020.2/data/ip/xilinx/sc_switchboard_v1_0/doc/sc_switchboard_v1_0_changelog.txt
*(21) d:/FPGA/Xilinx/Vivado/2020.2/data/ip/xilinx/sc_switchboard_v1_0/doc/sc_switchboard_v1_0_changelog.txt
*(22) d:/FPGA/Xilinx/Vivado/2020.2/data/ip/xilinx/sc_node_v1_0/doc/sc_node_v1_0_changelog.txt
*(23) d:/FPGA/Xilinx/Vivado/2020.2/data/ip/xilinx/sc_node_v1_0/doc/sc_node_v1_0_changelog.txt
*(24) d:/FPGA/Xilinx/Vivado/2020.2/data/ip/xilinx/sc_exit_v1_0/doc/sc_exit_v1_0_changelog.txt
*(25) d:/FPGA/Xilinx/Vivado/2020.2/data/ip/xilinx/sc_sc2axi_v1_0/doc/sc_sc2axi_v1_0_changelog.txt
*(26) d:/FPGA/Xilinx/Vivado/2020.2/data/ip/xilinx/sc_node_v1_0/doc/sc_node_v1_0_changelog.txt
*(27) d:/FPGA/Xilinx/Vivado/2020.2/data/ip/xilinx/sc_node_v1_0/doc/sc_node_v1_0_changelog.txt
*(28) d:/FPGA/Xilinx/Vivado/2020.2/data/ip/xilinx/sc_node_v1_0/doc/sc_node_v1_0_changelog.txt
*(29) d:/FPGA/Xilinx/Vivado/2020.2/data/ip/xilinx/sc_exit_v1_0/doc/sc_exit_v1_0_changelog.txt
*(30) d:/FPGA/Xilinx/Vivado/2020.2/data/ip/xilinx/sc_sc2axi_v1_0/doc/sc_sc2axi_v1_0_changelog.txt
*(31) d:/FPGA/Xilinx/Vivado/2020.2/data/ip/xilinx/sc_node_v1_0/doc/sc_node_v1_0_changelog.txt
*(32) d:/FPGA/Xilinx/Vivado/2020.2/data/ip/xilinx/xlconstant_v1_1/doc/xlconstant_v1_1_changelog.txt
*(33) d:/FPGA/Xilinx/Vivado/2020.2/data/ip/xilinx/proc_sys_reset_v5_0/doc/proc_sys_reset_v5_0_changelog.txt
*(34) d:/FPGA/Xilinx/Vivado/2020.2/data/ip/xilinx/sc_switchboard_v1_0/doc/sc_switchboard_v1_0_changelog.txt
*(35) d:/FPGA/Xilinx/Vivado/2020.2/data/ip/xilinx/sc_axi2sc_v1_0/doc/sc_axi2sc_v1_0_changelog.txt
*(36) d:/FPGA/Xilinx/Vivado/2020.2/data/ip/xilinx/sc_mmu_v1_0/doc/sc_mmu_v1_0_changelog.txt
*(37) d:/FPGA/Xilinx/Vivado/2020.2/data/ip/xilinx/sc_si_converter_v1_0/doc/sc_si_converter_v1_0_changelog.txt
*(38) d:/FPGA/Xilinx/Vivado/2020.2/data/ip/xilinx/sc_transaction_regulator_v1_0/doc/sc_transaction_regulator_v1_0_changelog.txt
*(39) d:/FPGA/Xilinx/Vivado/2020.2/data/ip/xilinx/sc_node_v1_0/doc/sc_node_v1_0_changelog.txt
*(40) d:/FPGA/Xilinx/Vivado/2020.2/data/ip/xilinx/sc_node_v1_0/doc/sc_node_v1_0_changelog.txt
*(41) d:/FPGA/Xilinx/Vivado/2020.2/data/ip/xilinx/sc_node_v1_0/doc/sc_node_v1_0_changelog.txt
*(42) d:/FPGA/Xilinx/Vivado/2020.2/data/ip/xilinx/sc_switchboard_v1_0/doc/sc_switchboard_v1_0_changelog.txt


close_project
INFO: [Common 17-206] Exiting Vivado at Fri Jul 24 20:22:02 2026...
