2026-07-30 17:51:17 PS system: checking application BSP link
2026-07-30 17:51:17 PS system: cleaning and building application Debug ELF with -O2
make: Entering directory 'E:/7020_Project/25G/25G_PS/Identification_Processing_System/Debug'
rm -rf  ./src/cmsis/Source/arm_bitreversal2.o ./src/cmsis/Source/arm_cfft_f32.o ./src/cmsis/Source/arm_cfft_init_f32.o ./src/cmsis/Source/arm_cfft_radix8_f32.o ./src/cmsis/Source/arm_cl_tables.o ./src/cmsis/Source/arm_cmplx_mag_f32.o ./src/cmsis/Source/arm_common_tables.o ./src/cmsis/Source/arm_const_structs.o ./src/cmsis/Source/arm_rfft_fast_f32.o ./src/cmsis/Source/arm_rfft_fast_init_f32.o ./src/cmsis/Source/arm_sin_f32.o  ./src/User/src/app_buffers.o ./src/User/src/button_input.o ./src/User/src/ddc_validation.o ./src/User/src/dds_control.o ./src/User/src/diagnostics.o ./src/User/src/dma_utils.o ./src/User/src/fifo_monitor.o ./src/User/src/g26_measurement_app.o ./src/User/src/g26_signal_analysis.o ./src/User/src/iq_demodulator.o ./src/User/src/modulation_analysis.o ./src/User/src/signal_analysis.o ./src/User/src/signal_api.o ./src/User/src/signal_processing.o  ./src/User/config/signal_profiles.o  ./src/identification_main.o ./src/signal_separator_app.o ./src/signal_separator_task.o  ./src/cmsis/Source/arm_bitreversal2.d ./src/cmsis/Source/arm_cfft_f32.d ./src/cmsis/Source/arm_cfft_init_f32.d ./src/cmsis/Source/arm_cfft_radix8_f32.d ./src/cmsis/Source/arm_cl_tables.d ./src/cmsis/Source/arm_cmplx_mag_f32.d ./src/cmsis/Source/arm_common_tables.d ./src/cmsis/Source/arm_const_structs.d ./src/cmsis/Source/arm_rfft_fast_f32.d ./src/cmsis/Source/arm_rfft_fast_init_f32.d ./src/cmsis/Source/arm_sin_f32.d  ./src/User/src/app_buffers.d ./src/User/src/button_input.d ./src/User/src/ddc_validation.d ./src/User/src/dds_control.d ./src/User/src/diagnostics.d ./src/User/src/dma_utils.d ./src/User/src/fifo_monitor.d ./src/User/src/g26_measurement_app.d ./src/User/src/g26_signal_analysis.d ./src/User/src/iq_demodulator.d ./src/User/src/modulation_analysis.d ./src/User/src/signal_analysis.d ./src/User/src/signal_api.d ./src/User/src/signal_processing.d  ./src/User/config/signal_profiles.d  ./src/identification_main.d ./src/signal_separator_app.d ./src/signal_separator_task.d  Identification_Processing_System.elf.size  Identification_Processing_System.elf
' '
make: Leaving directory 'E:/7020_Project/25G/25G_PS/Identification_Processing_System/Debug'
make: Entering directory 'E:/7020_Project/25G/25G_PS/Identification_Processing_System/Debug'
D:/FPGA/Xilinx/Vitis/2020.2/gnuwin/bin/make --no-print-directory pre-build
a9-linaro-pre-build-step
' '
D:/FPGA/Xilinx/Vitis/2020.2/gnuwin/bin/make --no-print-directory main-build
'Building file: ../src/cmsis/Source/arm_bitreversal2.c'
'Invoking: ARM v7 gcc compiler'
arm-none-eabi-gcc -Wall -O2 -g3 -IE:/7020_Project/25G/25G_PS/Identification_Processing_System/Debug/_sdk/bsp/ps7_cortexa9_0/include -I"E:\7020_Project\25G\25G_PS\Identification_Processing_System\src\cmsis\Include" -c -fmessage-length=0 -MT"src/cmsis/Source/arm_bitreversal2.o" -mcpu=cortex-a9 -mfpu=vfpv3 -mfloat-abi=hard -IE:/7020_Project/25G/25G_PS/Identification_Processing_System/Debug/_sdk/bsp/ps7_cortexa9_0/include -MMD -MP -MF"src/cmsis/Source/arm_bitreversal2.d" -MT"src/cmsis/Source/arm_bitreversal2.o" -o "src/cmsis/Source/arm_bitreversal2.o" "../src/cmsis/Source/arm_bitreversal2.c"
'Finished building: ../src/cmsis/Source/arm_bitreversal2.c'
' '
'Building file: ../src/cmsis/Source/arm_cfft_f32.c'
'Invoking: ARM v7 gcc compiler'
arm-none-eabi-gcc -Wall -O2 -g3 -IE:/7020_Project/25G/25G_PS/Identification_Processing_System/Debug/_sdk/bsp/ps7_cortexa9_0/include -I"E:\7020_Project\25G\25G_PS\Identification_Processing_System\src\cmsis\Include" -c -fmessage-length=0 -MT"src/cmsis/Source/arm_cfft_f32.o" -mcpu=cortex-a9 -mfpu=vfpv3 -mfloat-abi=hard -IE:/7020_Project/25G/25G_PS/Identification_Processing_System/Debug/_sdk/bsp/ps7_cortexa9_0/include -MMD -MP -MF"src/cmsis/Source/arm_cfft_f32.d" -MT"src/cmsis/Source/arm_cfft_f32.o" -o "src/cmsis/Source/arm_cfft_f32.o" "../src/cmsis/Source/arm_cfft_f32.c"
'Finished building: ../src/cmsis/Source/arm_cfft_f32.c'
' '
'Building file: ../src/cmsis/Source/arm_cfft_init_f32.c'
'Invoking: ARM v7 gcc compiler'
arm-none-eabi-gcc -Wall -O2 -g3 -IE:/7020_Project/25G/25G_PS/Identification_Processing_System/Debug/_sdk/bsp/ps7_cortexa9_0/include -I"E:\7020_Project\25G\25G_PS\Identification_Processing_System\src\cmsis\Include" -c -fmessage-length=0 -MT"src/cmsis/Source/arm_cfft_init_f32.o" -mcpu=cortex-a9 -mfpu=vfpv3 -mfloat-abi=hard -IE:/7020_Project/25G/25G_PS/Identification_Processing_System/Debug/_sdk/bsp/ps7_cortexa9_0/include -MMD -MP -MF"src/cmsis/Source/arm_cfft_init_f32.d" -MT"src/cmsis/Source/arm_cfft_init_f32.o" -o "src/cmsis/Source/arm_cfft_init_f32.o" "../src/cmsis/Source/arm_cfft_init_f32.c"
'Finished building: ../src/cmsis/Source/arm_cfft_init_f32.c'
' '
'Building file: ../src/cmsis/Source/arm_cfft_radix8_f32.c'
'Invoking: ARM v7 gcc compiler'
arm-none-eabi-gcc -Wall -O2 -g3 -IE:/7020_Project/25G/25G_PS/Identification_Processing_System/Debug/_sdk/bsp/ps7_cortexa9_0/include -I"E:\7020_Project\25G\25G_PS\Identification_Processing_System\src\cmsis\Include" -c -fmessage-length=0 -MT"src/cmsis/Source/arm_cfft_radix8_f32.o" -mcpu=cortex-a9 -mfpu=vfpv3 -mfloat-abi=hard -IE:/7020_Project/25G/25G_PS/Identification_Processing_System/Debug/_sdk/bsp/ps7_cortexa9_0/include -MMD -MP -MF"src/cmsis/Source/arm_cfft_radix8_f32.d" -MT"src/cmsis/Source/arm_cfft_radix8_f32.o" -o "src/cmsis/Source/arm_cfft_radix8_f32.o" "../src/cmsis/Source/arm_cfft_radix8_f32.c"
'Finished building: ../src/cmsis/Source/arm_cfft_radix8_f32.c'
' '
'Building file: ../src/cmsis/Source/arm_cl_tables.c'
'Invoking: ARM v7 gcc compiler'
arm-none-eabi-gcc -Wall -O2 -g3 -IE:/7020_Project/25G/25G_PS/Identification_Processing_System/Debug/_sdk/bsp/ps7_cortexa9_0/include -I"E:\7020_Project\25G\25G_PS\Identification_Processing_System\src\cmsis\Include" -c -fmessage-length=0 -MT"src/cmsis/Source/arm_cl_tables.o" -mcpu=cortex-a9 -mfpu=vfpv3 -mfloat-abi=hard -IE:/7020_Project/25G/25G_PS/Identification_Processing_System/Debug/_sdk/bsp/ps7_cortexa9_0/include -MMD -MP -MF"src/cmsis/Source/arm_cl_tables.d" -MT"src/cmsis/Source/arm_cl_tables.o" -o "src/cmsis/Source/arm_cl_tables.o" "../src/cmsis/Source/arm_cl_tables.c"
'Finished building: ../src/cmsis/Source/arm_cl_tables.c'
' '
'Building file: ../src/cmsis/Source/arm_cmplx_mag_f32.c'
'Invoking: ARM v7 gcc compiler'
arm-none-eabi-gcc -Wall -O2 -g3 -IE:/7020_Project/25G/25G_PS/Identification_Processing_System/Debug/_sdk/bsp/ps7_cortexa9_0/include -I"E:\7020_Project\25G\25G_PS\Identification_Processing_System\src\cmsis\Include" -c -fmessage-length=0 -MT"src/cmsis/Source/arm_cmplx_mag_f32.o" -mcpu=cortex-a9 -mfpu=vfpv3 -mfloat-abi=hard -IE:/7020_Project/25G/25G_PS/Identification_Processing_System/Debug/_sdk/bsp/ps7_cortexa9_0/include -MMD -MP -MF"src/cmsis/Source/arm_cmplx_mag_f32.d" -MT"src/cmsis/Source/arm_cmplx_mag_f32.o" -o "src/cmsis/Source/arm_cmplx_mag_f32.o" "../src/cmsis/Source/arm_cmplx_mag_f32.c"
'Finished building: ../src/cmsis/Source/arm_cmplx_mag_f32.c'
' '
'Building file: ../src/cmsis/Source/arm_common_tables.c'
'Invoking: ARM v7 gcc compiler'
arm-none-eabi-gcc -Wall -O2 -g3 -IE:/7020_Project/25G/25G_PS/Identification_Processing_System/Debug/_sdk/bsp/ps7_cortexa9_0/include -I"E:\7020_Project\25G\25G_PS\Identification_Processing_System\src\cmsis\Include" -c -fmessage-length=0 -MT"src/cmsis/Source/arm_common_tables.o" -mcpu=cortex-a9 -mfpu=vfpv3 -mfloat-abi=hard -IE:/7020_Project/25G/25G_PS/Identification_Processing_System/Debug/_sdk/bsp/ps7_cortexa9_0/include -MMD -MP -MF"src/cmsis/Source/arm_common_tables.d" -MT"src/cmsis/Source/arm_common_tables.o" -o "src/cmsis/Source/arm_common_tables.o" "../src/cmsis/Source/arm_common_tables.c"
'Finished building: ../src/cmsis/Source/arm_common_tables.c'
' '
'Building file: ../src/cmsis/Source/arm_const_structs.c'
'Invoking: ARM v7 gcc compiler'
arm-none-eabi-gcc -Wall -O2 -g3 -IE:/7020_Project/25G/25G_PS/Identification_Processing_System/Debug/_sdk/bsp/ps7_cortexa9_0/include -I"E:\7020_Project\25G\25G_PS\Identification_Processing_System\src\cmsis\Include" -c -fmessage-length=0 -MT"src/cmsis/Source/arm_const_structs.o" -mcpu=cortex-a9 -mfpu=vfpv3 -mfloat-abi=hard -IE:/7020_Project/25G/25G_PS/Identification_Processing_System/Debug/_sdk/bsp/ps7_cortexa9_0/include -MMD -MP -MF"src/cmsis/Source/arm_const_structs.d" -MT"src/cmsis/Source/arm_const_structs.o" -o "src/cmsis/Source/arm_const_structs.o" "../src/cmsis/Source/arm_const_structs.c"
'Finished building: ../src/cmsis/Source/arm_const_structs.c'
' '
'Building file: ../src/cmsis/Source/arm_rfft_fast_f32.c'
'Invoking: ARM v7 gcc compiler'
arm-none-eabi-gcc -Wall -O2 -g3 -IE:/7020_Project/25G/25G_PS/Identification_Processing_System/Debug/_sdk/bsp/ps7_cortexa9_0/include -I"E:\7020_Project\25G\25G_PS\Identification_Processing_System\src\cmsis\Include" -c -fmessage-length=0 -MT"src/cmsis/Source/arm_rfft_fast_f32.o" -mcpu=cortex-a9 -mfpu=vfpv3 -mfloat-abi=hard -IE:/7020_Project/25G/25G_PS/Identification_Processing_System/Debug/_sdk/bsp/ps7_cortexa9_0/include -MMD -MP -MF"src/cmsis/Source/arm_rfft_fast_f32.d" -MT"src/cmsis/Source/arm_rfft_fast_f32.o" -o "src/cmsis/Source/arm_rfft_fast_f32.o" "../src/cmsis/Source/arm_rfft_fast_f32.c"
'Finished building: ../src/cmsis/Source/arm_rfft_fast_f32.c'
' '
'Building file: ../src/cmsis/Source/arm_rfft_fast_init_f32.c'
'Invoking: ARM v7 gcc compiler'
arm-none-eabi-gcc -Wall -O2 -g3 -IE:/7020_Project/25G/25G_PS/Identification_Processing_System/Debug/_sdk/bsp/ps7_cortexa9_0/include -I"E:\7020_Project\25G\25G_PS\Identification_Processing_System\src\cmsis\Include" -c -fmessage-length=0 -MT"src/cmsis/Source/arm_rfft_fast_init_f32.o" -mcpu=cortex-a9 -mfpu=vfpv3 -mfloat-abi=hard -IE:/7020_Project/25G/25G_PS/Identification_Processing_System/Debug/_sdk/bsp/ps7_cortexa9_0/include -MMD -MP -MF"src/cmsis/Source/arm_rfft_fast_init_f32.d" -MT"src/cmsis/Source/arm_rfft_fast_init_f32.o" -o "src/cmsis/Source/arm_rfft_fast_init_f32.o" "../src/cmsis/Source/arm_rfft_fast_init_f32.c"
'Finished building: ../src/cmsis/Source/arm_rfft_fast_init_f32.c'
' '
'Building file: ../src/cmsis/Source/arm_sin_f32.c'
'Invoking: ARM v7 gcc compiler'
arm-none-eabi-gcc -Wall -O2 -g3 -IE:/7020_Project/25G/25G_PS/Identification_Processing_System/Debug/_sdk/bsp/ps7_cortexa9_0/include -I"E:\7020_Project\25G\25G_PS\Identification_Processing_System\src\cmsis\Include" -c -fmessage-length=0 -MT"src/cmsis/Source/arm_sin_f32.o" -mcpu=cortex-a9 -mfpu=vfpv3 -mfloat-abi=hard -IE:/7020_Project/25G/25G_PS/Identification_Processing_System/Debug/_sdk/bsp/ps7_cortexa9_0/include -MMD -MP -MF"src/cmsis/Source/arm_sin_f32.d" -MT"src/cmsis/Source/arm_sin_f32.o" -o "src/cmsis/Source/arm_sin_f32.o" "../src/cmsis/Source/arm_sin_f32.c"
'Finished building: ../src/cmsis/Source/arm_sin_f32.c'
' '
'Building file: ../src/User/src/app_buffers.c'
'Invoking: ARM v7 gcc compiler'
arm-none-eabi-gcc -Wall -O2 -g3 -IE:/7020_Project/25G/25G_PS/Identification_Processing_System/Debug/_sdk/bsp/ps7_cortexa9_0/include -I"E:\7020_Project\25G\25G_PS\Identification_Processing_System\src\cmsis\Include" -c -fmessage-length=0 -MT"src/User/src/app_buffers.o" -mcpu=cortex-a9 -mfpu=vfpv3 -mfloat-abi=hard -IE:/7020_Project/25G/25G_PS/Identification_Processing_System/Debug/_sdk/bsp/ps7_cortexa9_0/include -MMD -MP -MF"src/User/src/app_buffers.d" -MT"src/User/src/app_buffers.o" -o "src/User/src/app_buffers.o" "../src/User/src/app_buffers.c"
'Finished building: ../src/User/src/app_buffers.c'
' '
'Building file: ../src/User/src/button_input.c'
'Invoking: ARM v7 gcc compiler'
arm-none-eabi-gcc -Wall -O2 -g3 -IE:/7020_Project/25G/25G_PS/Identification_Processing_System/Debug/_sdk/bsp/ps7_cortexa9_0/include -I"E:\7020_Project\25G\25G_PS\Identification_Processing_System\src\cmsis\Include" -c -fmessage-length=0 -MT"src/User/src/button_input.o" -mcpu=cortex-a9 -mfpu=vfpv3 -mfloat-abi=hard -IE:/7020_Project/25G/25G_PS/Identification_Processing_System/Debug/_sdk/bsp/ps7_cortexa9_0/include -MMD -MP -MF"src/User/src/button_input.d" -MT"src/User/src/button_input.o" -o "src/User/src/button_input.o" "../src/User/src/button_input.c"
'Finished building: ../src/User/src/button_input.c'
' '
'Building file: ../src/User/src/ddc_validation.c'
'Invoking: ARM v7 gcc compiler'
arm-none-eabi-gcc -Wall -O2 -g3 -IE:/7020_Project/25G/25G_PS/Identification_Processing_System/Debug/_sdk/bsp/ps7_cortexa9_0/include -I"E:\7020_Project\25G\25G_PS\Identification_Processing_System\src\cmsis\Include" -c -fmessage-length=0 -MT"src/User/src/ddc_validation.o" -mcpu=cortex-a9 -mfpu=vfpv3 -mfloat-abi=hard -IE:/7020_Project/25G/25G_PS/Identification_Processing_System/Debug/_sdk/bsp/ps7_cortexa9_0/include -MMD -MP -MF"src/User/src/ddc_validation.d" -MT"src/User/src/ddc_validation.o" -o "src/User/src/ddc_validation.o" "../src/User/src/ddc_validation.c"
'Finished building: ../src/User/src/ddc_validation.c'
' '
'Building file: ../src/User/src/dds_control.c'
'Invoking: ARM v7 gcc compiler'
arm-none-eabi-gcc -Wall -O2 -g3 -IE:/7020_Project/25G/25G_PS/Identification_Processing_System/Debug/_sdk/bsp/ps7_cortexa9_0/include -I"E:\7020_Project\25G\25G_PS\Identification_Processing_System\src\cmsis\Include" -c -fmessage-length=0 -MT"src/User/src/dds_control.o" -mcpu=cortex-a9 -mfpu=vfpv3 -mfloat-abi=hard -IE:/7020_Project/25G/25G_PS/Identification_Processing_System/Debug/_sdk/bsp/ps7_cortexa9_0/include -MMD -MP -MF"src/User/src/dds_control.d" -MT"src/User/src/dds_control.o" -o "src/User/src/dds_control.o" "../src/User/src/dds_control.c"
'Finished building: ../src/User/src/dds_control.c'
' '
'Building file: ../src/User/src/diagnostics.c'
'Invoking: ARM v7 gcc compiler'
arm-none-eabi-gcc -Wall -O2 -g3 -IE:/7020_Project/25G/25G_PS/Identification_Processing_System/Debug/_sdk/bsp/ps7_cortexa9_0/include -I"E:\7020_Project\25G\25G_PS\Identification_Processing_System\src\cmsis\Include" -c -fmessage-length=0 -MT"src/User/src/diagnostics.o" -mcpu=cortex-a9 -mfpu=vfpv3 -mfloat-abi=hard -IE:/7020_Project/25G/25G_PS/Identification_Processing_System/Debug/_sdk/bsp/ps7_cortexa9_0/include -MMD -MP -MF"src/User/src/diagnostics.d" -MT"src/User/src/diagnostics.o" -o "src/User/src/diagnostics.o" "../src/User/src/diagnostics.c"
'Finished building: ../src/User/src/diagnostics.c'
' '
'Building file: ../src/User/src/dma_utils.c'
'Invoking: ARM v7 gcc compiler'
arm-none-eabi-gcc -Wall -O2 -g3 -IE:/7020_Project/25G/25G_PS/Identification_Processing_System/Debug/_sdk/bsp/ps7_cortexa9_0/include -I"E:\7020_Project\25G\25G_PS\Identification_Processing_System\src\cmsis\Include" -c -fmessage-length=0 -MT"src/User/src/dma_utils.o" -mcpu=cortex-a9 -mfpu=vfpv3 -mfloat-abi=hard -IE:/7020_Project/25G/25G_PS/Identification_Processing_System/Debug/_sdk/bsp/ps7_cortexa9_0/include -MMD -MP -MF"src/User/src/dma_utils.d" -MT"src/User/src/dma_utils.o" -o "src/User/src/dma_utils.o" "../src/User/src/dma_utils.c"
'Finished building: ../src/User/src/dma_utils.c'
' '
'Building file: ../src/User/src/fifo_monitor.c'
'Invoking: ARM v7 gcc compiler'
arm-none-eabi-gcc -Wall -O2 -g3 -IE:/7020_Project/25G/25G_PS/Identification_Processing_System/Debug/_sdk/bsp/ps7_cortexa9_0/include -I"E:\7020_Project\25G\25G_PS\Identification_Processing_System\src\cmsis\Include" -c -fmessage-length=0 -MT"src/User/src/fifo_monitor.o" -mcpu=cortex-a9 -mfpu=vfpv3 -mfloat-abi=hard -IE:/7020_Project/25G/25G_PS/Identification_Processing_System/Debug/_sdk/bsp/ps7_cortexa9_0/include -MMD -MP -MF"src/User/src/fifo_monitor.d" -MT"src/User/src/fifo_monitor.o" -o "src/User/src/fifo_monitor.o" "../src/User/src/fifo_monitor.c"
'Finished building: ../src/User/src/fifo_monitor.c'
' '
'Building file: ../src/User/src/g26_measurement_app.c'
'Invoking: ARM v7 gcc compiler'
arm-none-eabi-gcc -Wall -O2 -g3 -IE:/7020_Project/25G/25G_PS/Identification_Processing_System/Debug/_sdk/bsp/ps7_cortexa9_0/include -I"E:\7020_Project\25G\25G_PS\Identification_Processing_System\src\cmsis\Include" -c -fmessage-length=0 -MT"src/User/src/g26_measurement_app.o" -mcpu=cortex-a9 -mfpu=vfpv3 -mfloat-abi=hard -IE:/7020_Project/25G/25G_PS/Identification_Processing_System/Debug/_sdk/bsp/ps7_cortexa9_0/include -MMD -MP -MF"src/User/src/g26_measurement_app.d" -MT"src/User/src/g26_measurement_app.o" -o "src/User/src/g26_measurement_app.o" "../src/User/src/g26_measurement_app.c"
'Finished building: ../src/User/src/g26_measurement_app.c'
' '
'Building file: ../src/User/src/g26_signal_analysis.c'
'Invoking: ARM v7 gcc compiler'
arm-none-eabi-gcc -Wall -O2 -g3 -IE:/7020_Project/25G/25G_PS/Identification_Processing_System/Debug/_sdk/bsp/ps7_cortexa9_0/include -I"E:\7020_Project\25G\25G_PS\Identification_Processing_System\src\cmsis\Include" -c -fmessage-length=0 -MT"src/User/src/g26_signal_analysis.o" -mcpu=cortex-a9 -mfpu=vfpv3 -mfloat-abi=hard -IE:/7020_Project/25G/25G_PS/Identification_Processing_System/Debug/_sdk/bsp/ps7_cortexa9_0/include -MMD -MP -MF"src/User/src/g26_signal_analysis.d" -MT"src/User/src/g26_signal_analysis.o" -o "src/User/src/g26_signal_analysis.o" "../src/User/src/g26_signal_analysis.c"
'Finished building: ../src/User/src/g26_signal_analysis.c'
' '
'Building file: ../src/User/src/iq_demodulator.c'
'Invoking: ARM v7 gcc compiler'
arm-none-eabi-gcc -Wall -O2 -g3 -IE:/7020_Project/25G/25G_PS/Identification_Processing_System/Debug/_sdk/bsp/ps7_cortexa9_0/include -I"E:\7020_Project\25G\25G_PS\Identification_Processing_System\src\cmsis\Include" -c -fmessage-length=0 -MT"src/User/src/iq_demodulator.o" -mcpu=cortex-a9 -mfpu=vfpv3 -mfloat-abi=hard -IE:/7020_Project/25G/25G_PS/Identification_Processing_System/Debug/_sdk/bsp/ps7_cortexa9_0/include -MMD -MP -MF"src/User/src/iq_demodulator.d" -MT"src/User/src/iq_demodulator.o" -o "src/User/src/iq_demodulator.o" "../src/User/src/iq_demodulator.c"
'Finished building: ../src/User/src/iq_demodulator.c'
' '
'Building file: ../src/User/src/modulation_analysis.c'
'Invoking: ARM v7 gcc compiler'
arm-none-eabi-gcc -Wall -O2 -g3 -IE:/7020_Project/25G/25G_PS/Identification_Processing_System/Debug/_sdk/bsp/ps7_cortexa9_0/include -I"E:\7020_Project\25G\25G_PS\Identification_Processing_System\src\cmsis\Include" -c -fmessage-length=0 -MT"src/User/src/modulation_analysis.o" -mcpu=cortex-a9 -mfpu=vfpv3 -mfloat-abi=hard -IE:/7020_Project/25G/25G_PS/Identification_Processing_System/Debug/_sdk/bsp/ps7_cortexa9_0/include -MMD -MP -MF"src/User/src/modulation_analysis.d" -MT"src/User/src/modulation_analysis.o" -o "src/User/src/modulation_analysis.o" "../src/User/src/modulation_analysis.c"
'Finished building: ../src/User/src/modulation_analysis.c'
' '
'Building file: ../src/User/src/signal_analysis.c'
'Invoking: ARM v7 gcc compiler'
arm-none-eabi-gcc -Wall -O2 -g3 -IE:/7020_Project/25G/25G_PS/Identification_Processing_System/Debug/_sdk/bsp/ps7_cortexa9_0/include -I"E:\7020_Project\25G\25G_PS\Identification_Processing_System\src\cmsis\Include" -c -fmessage-length=0 -MT"src/User/src/signal_analysis.o" -mcpu=cortex-a9 -mfpu=vfpv3 -mfloat-abi=hard -IE:/7020_Project/25G/25G_PS/Identification_Processing_System/Debug/_sdk/bsp/ps7_cortexa9_0/include -MMD -MP -MF"src/User/src/signal_analysis.d" -MT"src/User/src/signal_analysis.o" -o "src/User/src/signal_analysis.o" "../src/User/src/signal_analysis.c"
'Finished building: ../src/User/src/signal_analysis.c'
' '
'Building file: ../src/User/src/signal_api.c'
'Invoking: ARM v7 gcc compiler'
arm-none-eabi-gcc -Wall -O2 -g3 -IE:/7020_Project/25G/25G_PS/Identification_Processing_System/Debug/_sdk/bsp/ps7_cortexa9_0/include -I"E:\7020_Project\25G\25G_PS\Identification_Processing_System\src\cmsis\Include" -c -fmessage-length=0 -MT"src/User/src/signal_api.o" -mcpu=cortex-a9 -mfpu=vfpv3 -mfloat-abi=hard -IE:/7020_Project/25G/25G_PS/Identification_Processing_System/Debug/_sdk/bsp/ps7_cortexa9_0/include -MMD -MP -MF"src/User/src/signal_api.d" -MT"src/User/src/signal_api.o" -o "src/User/src/signal_api.o" "../src/User/src/signal_api.c"
'Finished building: ../src/User/src/signal_api.c'
' '
'Building file: ../src/User/src/signal_processing.c'
'Invoking: ARM v7 gcc compiler'
arm-none-eabi-gcc -Wall -O2 -g3 -IE:/7020_Project/25G/25G_PS/Identification_Processing_System/Debug/_sdk/bsp/ps7_cortexa9_0/include -I"E:\7020_Project\25G\25G_PS\Identification_Processing_System\src\cmsis\Include" -c -fmessage-length=0 -MT"src/User/src/signal_processing.o" -mcpu=cortex-a9 -mfpu=vfpv3 -mfloat-abi=hard -IE:/7020_Project/25G/25G_PS/Identification_Processing_System/Debug/_sdk/bsp/ps7_cortexa9_0/include -MMD -MP -MF"src/User/src/signal_processing.d" -MT"src/User/src/signal_processing.o" -o "src/User/src/signal_processing.o" "../src/User/src/signal_processing.c"
'Finished building: ../src/User/src/signal_processing.c'
' '
'Building file: ../src/User/config/signal_profiles.c'
'Invoking: ARM v7 gcc compiler'
arm-none-eabi-gcc -Wall -O2 -g3 -IE:/7020_Project/25G/25G_PS/Identification_Processing_System/Debug/_sdk/bsp/ps7_cortexa9_0/include -I"E:\7020_Project\25G\25G_PS\Identification_Processing_System\src\cmsis\Include" -c -fmessage-length=0 -MT"src/User/config/signal_profiles.o" -mcpu=cortex-a9 -mfpu=vfpv3 -mfloat-abi=hard -IE:/7020_Project/25G/25G_PS/Identification_Processing_System/Debug/_sdk/bsp/ps7_cortexa9_0/include -MMD -MP -MF"src/User/config/signal_profiles.d" -MT"src/User/config/signal_profiles.o" -o "src/User/config/signal_profiles.o" "../src/User/config/signal_profiles.c"
'Finished building: ../src/User/config/signal_profiles.c'
' '
'Building file: ../src/identification_main.c'
'Invoking: ARM v7 gcc compiler'
arm-none-eabi-gcc -Wall -O2 -g3 -IE:/7020_Project/25G/25G_PS/Identification_Processing_System/Debug/_sdk/bsp/ps7_cortexa9_0/include -I"E:\7020_Project\25G\25G_PS\Identification_Processing_System\src\cmsis\Include" -c -fmessage-length=0 -MT"src/identification_main.o" -mcpu=cortex-a9 -mfpu=vfpv3 -mfloat-abi=hard -IE:/7020_Project/25G/25G_PS/Identification_Processing_System/Debug/_sdk/bsp/ps7_cortexa9_0/include -MMD -MP -MF"src/identification_main.d" -MT"src/identification_main.o" -o "src/identification_main.o" "../src/identification_main.c"
'Finished building: ../src/identification_main.c'
' '
'Building file: ../src/signal_separator_app.c'
'Invoking: ARM v7 gcc compiler'
arm-none-eabi-gcc -Wall -O2 -g3 -IE:/7020_Project/25G/25G_PS/Identification_Processing_System/Debug/_sdk/bsp/ps7_cortexa9_0/include -I"E:\7020_Project\25G\25G_PS\Identification_Processing_System\src\cmsis\Include" -c -fmessage-length=0 -MT"src/signal_separator_app.o" -mcpu=cortex-a9 -mfpu=vfpv3 -mfloat-abi=hard -IE:/7020_Project/25G/25G_PS/Identification_Processing_System/Debug/_sdk/bsp/ps7_cortexa9_0/include -MMD -MP -MF"src/signal_separator_app.d" -MT"src/signal_separator_app.o" -o "src/signal_separator_app.o" "../src/signal_separator_app.c"
'Finished building: ../src/signal_separator_app.c'
' '
'Building file: ../src/signal_separator_task.c'
'Invoking: ARM v7 gcc compiler'
arm-none-eabi-gcc -Wall -O2 -g3 -IE:/7020_Project/25G/25G_PS/Identification_Processing_System/Debug/_sdk/bsp/ps7_cortexa9_0/include -I"E:\7020_Project\25G\25G_PS\Identification_Processing_System\src\cmsis\Include" -c -fmessage-length=0 -MT"src/signal_separator_task.o" -mcpu=cortex-a9 -mfpu=vfpv3 -mfloat-abi=hard -IE:/7020_Project/25G/25G_PS/Identification_Processing_System/Debug/_sdk/bsp/ps7_cortexa9_0/include -MMD -MP -MF"src/signal_separator_task.d" -MT"src/signal_separator_task.o" -o "src/signal_separator_task.o" "../src/signal_separator_task.c"
'Finished building: ../src/signal_separator_task.c'
' '
'Building target: Identification_Processing_System.elf'
'Invoking: ARM v7 gcc linker'
arm-none-eabi-gcc -mcpu=cortex-a9 -mfpu=vfpv3 -mfloat-abi=hard -Wl,-build-id=none -specs=Xilinx.spec -Wl,-T -Wl,../src/lscript.ld -LE:/7020_Project/25G/25G_PS/Identification_Processing_System/Debug/_sdk/bsp/ps7_cortexa9_0/lib -o "Identification_Processing_System.elf"  ./src/cmsis/Source/arm_bitreversal2.o ./src/cmsis/Source/arm_cfft_f32.o ./src/cmsis/Source/arm_cfft_init_f32.o ./src/cmsis/Source/arm_cfft_radix8_f32.o ./src/cmsis/Source/arm_cl_tables.o ./src/cmsis/Source/arm_cmplx_mag_f32.o ./src/cmsis/Source/arm_common_tables.o ./src/cmsis/Source/arm_const_structs.o ./src/cmsis/Source/arm_rfft_fast_f32.o ./src/cmsis/Source/arm_rfft_fast_init_f32.o ./src/cmsis/Source/arm_sin_f32.o  ./src/User/src/app_buffers.o ./src/User/src/button_input.o ./src/User/src/ddc_validation.o ./src/User/src/dds_control.o ./src/User/src/diagnostics.o ./src/User/src/dma_utils.o ./src/User/src/fifo_monitor.o ./src/User/src/g26_measurement_app.o ./src/User/src/g26_signal_analysis.o ./src/User/src/iq_demodulator.o ./src/User/src/modulation_analysis.o ./src/User/src/signal_analysis.o ./src/User/src/signal_api.o ./src/User/src/signal_processing.o  ./src/User/config/signal_profiles.o  ./src/identification_main.o ./src/signal_separator_app.o ./src/signal_separator_task.o   -LE:\7020_Project\25G\25G_PS\Identification_Processing_System\Debug\_sdk\bsp\ps7_cortexa9_0\lib -lm -Wl,--start-group,-lxil,-lfreertos,-lgcc,-lc,--end-group
'Finished building target: Identification_Processing_System.elf'
' '
'Invoking: ARM v7 Print Size'
arm-none-eabi-size Identification_Processing_System.elf  |tee "Identification_Processing_System.elf.size"
   text	   data	    bss	    dec	    hex	filename
1061428	   3416	 331812	1396656	 154fb0	Identification_Processing_System.elf
'Finished building: Identification_Processing_System.elf.size'
' '
make: Leaving directory 'E:/7020_Project/25G/25G_PS/Identification_Processing_System/Debug'
2026-07-30 17:51:24 PS system: building system package Identification_Processing_System_system from the new ELF


****** Xilinx Bootgen v2020.2
  **** Build date : Nov 18 2020-10:01:38
    ** Copyright 1986-2020 Xilinx, Inc. All Rights Reserved.


[INFO]   : Bootimage generated successfully

2026-07-30 17:51:24 PS system: DONE: built optimized E:/7020_Project/25G/25G_PS/Identification_Processing_System/Debug/Identification_Processing_System.elf and generated E:/7020_Project/25G/25G_PS/Identification_Processing_System_system/Debug/sd_card/BOOT.BIN
